Microchip MPLAB XC8 Compiler V2.00 ()

Linker command line:

-W-3 --edf=E:\Program\XC8\pic\dat\en_msgs.txt -cs \
  -h+dist/default/production\ad.X.production.sym \
  --cmf=dist/default/production\ad.X.production.cmf -z -Q16F887 \
  -oC:\Users\tonyj\AppData\Local\Temp\s2mk.2 --defsym=__MPLAB_BUILD=1 \
  -Mdist/default/production/ad.X.production.map -E1 -ver=XC8 --acfsm=1493 \
  -ASTACK=0110h-016fh -pstack=STACK -ACODE=00h-07FFhx4 -ASTRCODE=00h-01FFFh \
  -ASTRING=00h-0FFhx32 -ACONST=00h-0FFhx32 -AENTRY=00h-0FFhx32 \
  -ACOMMON=070h-07Fh -ABANK0=020h-06Fh -ABANK1=0A0h-0EFh \
  -ABANK2=0110h-016Fh -ABANK3=0190h-01EFh \
  -ARAM=020h-06Fh,0A0h-0EFh,0110h-016Fh,0190h-01EFh \
  -AABS1=020h-07Fh,0A0h-0EFh,0110h-016Fh,0190h-01EFh -ASFR0=00h-01Fh \
  -ASFR1=080h-09Fh -ASFR2=0100h-010Fh -ASFR3=0180h-018Fh \
  -preset_vec=00h,intentry,init,end_init -ppowerup=CODE -pcinit=CODE \
  -pfunctab=ENTRY -ACONFIG=02007h-02008h -pconfig=CONFIG -DCONFIG=2 \
  -AIDLOC=02000h-02003h -pidloc=IDLOC -DIDLOC=2 -AEEDATA=00h-0FFh/02100h \
  -peeprom_data=EEDATA -DEEDATA=2 -DCODE=2 -DSTRCODE=2 -DSTRING=2 -DCONST=2 \
  -DENTRY=2 -k C:\Users\tonyj\AppData\Local\Temp\s2mk.o \
  dist/default/production\ad.X.production.o 

Object code version is 3.11

Machine type is 16F887



                Name                               Link     Load   Length Selector   Space Scale
C:\Users\tonyj\AppData\Local\Temp\s2mk.o
                end_init                              0        0        3        0       0
                config                             2007     2007        2     400E       0
dist/default/production\ad.X.production.o
                cinit                               7DB      7DB       25      FB6       0
                text17                              4CF      4CF        D      99E       0
                text16                              4B4      4B4        8      968       0
                text15                              4DC      4DC        D      9B8       0
                text14                              5F7      5F7       3D      BEE       0
                text13                              597      597       29      B2E       0
                text12                              55C      55C       1C      AB8       0
                text11                              5C0      5C0       37      B80       0
                text10                              672      672       42      CE4       0
                text9                               4F7      4F7       10      9EE       0
                text8                               4E9      4E9        E      9D2       0
                text7                               578      578       1F      AF0       0
                text6                               52B      52B       17      A56       0
                text5                               507      507       11      A0E       0
                text4                               518      518       13      A30       0
                text3                               542      542       1A      A84       0
                text2                               634      634       3E      C68       0
                text1                               4C4      4C4        B      988       0
                maintext                            6B4      6B4      127      D68       0
                cstackBANK0                          36       36        3       20       1
                cstackCOMMON                         70       70        E       70       1
                clrtext                             4BC      4BC        8      978       0
                dataBANK0                            32       32        4       20       1
                bssBANK0                             20       20       12       20       1
                strings                               3        3       20        6       0
                idataBANK0                          4B0      4B0        4      960       0

TOTAL           Name                               Link     Load   Length     Space
        CLASS   STACK          

        CLASS   CODE           
                end_init                              0        0        3         0
                cinit                               7DB      7DB       25         0
                text17                              4CF      4CF        D         0
                text16                              4B4      4B4        8         0
                text15                              4DC      4DC        D         0
                text14                              5F7      5F7       3D         0
                text13                              597      597       29         0
                text12                              55C      55C       1C         0
                text11                              5C0      5C0       37         0
                text10                              672      672       42         0
                text9                               4F7      4F7       10         0
                text8                               4E9      4E9        E         0
                text7                               578      578       1F         0
                text6                               52B      52B       17         0
                text5                               507      507       11         0
                text4                               518      518       13         0
                text3                               542      542       1A         0
                text2                               634      634       3E         0
                text1                               4C4      4C4        B         0
                maintext                            6B4      6B4      127         0
                clrtext                             4BC      4BC        8         0
                idataBANK0                          4B0      4B0        4         0

        CLASS   STRCODE        

        CLASS   STRING         
                strings                               3        3       20         0

        CLASS   CONST          

        CLASS   ENTRY          

        CLASS   COMMON         
                cstackCOMMON                         70       70        E         1

        CLASS   BANK0          
                cstackBANK0                          36       36        3         1
                dataBANK0                            32       32        4         1
                bssBANK0                             20       20       12         1

        CLASS   BANK1          

        CLASS   BANK2          

        CLASS   BANK3          

        CLASS   RAM            

        CLASS   ABS1           
                abs_s1                               7E       7E        2         1

        CLASS   SFR0           

        CLASS   SFR1           

        CLASS   SFR2           

        CLASS   SFR3           

        CLASS   CONFIG         
                config                             2007     2007        2         0

        CLASS   IDLOC          

        CLASS   EEDATA         



SEGMENTS        Name                           Load    Length   Top    Selector   Space  Class     Delta

                reset_vec                      000000  000003  000003         0       0  CODE        2
                strings                        000003  000020  000023         6       0  STRING      2
                bssBANK0                       000020  000019  000039        20       1  BANK0       1
                cstackCOMMON                   000070  00000E  00007E        70       1  COMMON      1
                idataBANK0                     0004B0  000004  0004B4       960       0  CODE        2
                text16                         0004B4  000008  0004BC       968       0  CODE        2
                clrtext                        0004BC  000008  0004C4       978       0  CODE        2
                text1                          0004C4  00000B  0004CF       988       0  CODE        2
                text17                         0004CF  00000D  0004DC       99E       0  CODE        2
                text15                         0004DC  00000D  0004E9       9B8       0  CODE        2
                text8                          0004E9  00000E  0004F7       9D2       0  CODE        2
                text9                          0004F7  000010  000507       9EE       0  CODE        2
                text5                          000507  000011  000518       A0E       0  CODE        2
                text4                          000518  000013  00052B       A30       0  CODE        2
                text6                          00052B  000017  000542       A56       0  CODE        2
                text3                          000542  00001A  00055C       A84       0  CODE        2
                text12                         00055C  00001C  000578       AB8       0  CODE        2
                text7                          000578  00001F  000597       AF0       0  CODE        2
                text13                         000597  000029  0005C0       B2E       0  CODE        2
                text11                         0005C0  000037  0005F7       B80       0  CODE        2
                text14                         0005F7  00003D  000634       BEE       0  CODE        2
                text2                          000634  00003E  000672       C68       0  CODE        2
                text10                         000672  000042  0006B4       CE4       0  CODE        2
                maintext                       0006B4  000127  0007DB       D68       0  CODE        2
                cinit                          0007DB  000025  000800       FB6       0  CODE        2
                config                         002007  000002  002009      400E       0  CONFIG      2


UNUSED ADDRESS RANGES

        Name                Unused          Largest block    Delta
        BANK0            0039-006F             37           1
        BANK1            00A0-00EF             50           1
        BANK2            0110-016F             60           1
        BANK3            0190-01EF             60           1
        CODE             0023-04AF            48D           2
                         0800-1FFF            800
        CONST            0023-04AF            100           2
                         0800-1FFF            100
        EEDATA           2100-21FF            100           2
        ENTRY            0023-04AF            100           2
                         0800-1FFF            100
        IDLOC            2000-2003              4           2
        RAM              0039-006F             37           1
                         00A0-00EF             50
                         0110-016F             60
                         0190-01EF             60
        SFR0             0000-001F             20           1
        SFR1             0080-009F             20           1
        SFR2             0100-010F             10           1
        SFR3             0180-018F             10           1
        STACK            0110-016F             60           1
        STRCODE          0023-04AF            48D           2
                         0800-1FFF           1800
        STRING           0023-04AF            100           2
                         0800-1FFF            100

                                  Symbol Table

AD_SUB@k                   cstackCOMMON 0075
LCD_Busy@busyFlag          cstackCOMMON 0073
LCD_Read_dat@dat           cstackCOMMON 0071
LCD_en_command@command     cstackCOMMON 0076
LCD_en_dat@dat             cstackCOMMON 0071
LCD_set_xy@address         cstackCOMMON 0079
LCD_set_xy@x               cstackCOMMON 007A
LCD_set_xy@y               cstackCOMMON 0077
LCD_write_string@X         cstackBANK0  0036
LCD_write_string@Y         cstackCOMMON 007B
LCD_write_string@s         cstackCOMMON 007C
_ADCON0                    (abs)        001F
_ADCON0bits                (abs)        001F
_ADCON1                    (abs)        009F
_ADRESH                    (abs)        001E
_ADRESL                    (abs)        009E
_AD_MCU_INIT               text17       04CF
_AD_SUB                    text14       05F7
_ADresult                  bssBANK0     0024
_ADtemp                    bssBANK0     0020
_ANSEL                     (abs)        0188
_ANSELH                    (abs)        0189
_BUTTONMCUInit             text16       04B4
_ButtonDetect              text11       05C0
_InitScrn                  text9        04F7
_LCD_Busy                  text5        0507
_LCD_MCU_init              text8        04E9
_LCD_Read_dat              text6        052B
_LCD_en_command            text10       0672
_LCD_en_dat                text4        0518
_LCD_init                  text7        0578
_LCD_set_xy                text3        0542
_LCD_write_string          text2        0634
_LED_MCU_INIT              text1        04C4
_OPTION_REG                (abs)        0081
_PIR1bits                  (abs)        000C
_PORTBbits                 (abs)        0006
_PORTCbits                 (abs)        0007
_PORTD                     (abs)        0008
_PORTEbits                 (abs)        0009
_TRISA                     (abs)        0085
_TRISBbits                 (abs)        0086
_TRISCbits                 (abs)        0087
_TRISD                     (abs)        0088
_TRISE                     (abs)        0089
__CFG_BOR4V$BOR40V         (abs)        0000
__CFG_BOREN$ON             (abs)        0000
__CFG_CP$OFF               (abs)        0000
__CFG_CPD$OFF              (abs)        0000
__CFG_FCMEN$ON             (abs)        0000
__CFG_FOSC$HS              (abs)        0000
__CFG_IESO$ON              (abs)        0000
__CFG_LVP$ON               (abs)        0000
__CFG_MCLRE$ON             (abs)        0000
__CFG_PWRTE$OFF            (abs)        0000
__CFG_WDTE$OFF             (abs)        0000
__CFG_WRT$OFF              (abs)        0000
__Habs1                    abs1         0000
__Hbank0                   bank0        0000
__Hbank1                   bank1        0000
__Hbank2                   bank2        0000
__Hbank3                   bank3        0000
__HbssBANK0                bssBANK0     0000
__Hcinit                   cinit        0800
__Hclrtext                 clrtext      0000
__Hcode                    code         0000
__Hcommon                  common       0000
__Hconfig                  config       2009
__HcstackBANK0             cstackBANK0  0000
__HcstackCOMMON            cstackCOMMON 0000
__HdataBANK0               dataBANK0    0000
__Heeprom_data             eeprom_data  0000
__Hend_init                end_init     0003
__Hfunctab                 functab      0000
__HidataBANK0              idataBANK0   0000
__Hidloc                   idloc        0000
__Hinit                    init         0000
__Hintentry                intentry     0000
__Hmaintext                maintext     0000
__Hpowerup                 powerup      0000
__Hram                     ram          0000
__Hreset_vec               reset_vec    0000
__Hsfr0                    sfr0         0000
__Hsfr1                    sfr1         0000
__Hsfr2                    sfr2         0000
__Hsfr3                    sfr3         0000
__Hspace_0                 (abs)        2009
__Hspace_1                 (abs)        007E
__Hspace_2                 (abs)        0000
__Hspace_3                 (abs)        0000
__Hstack                   stack        0000
__Hstrings                 strings      0000
__Htext                    text         0000
__Labs1                    abs1         0000
__Lbank0                   bank0        0000
__Lbank1                   bank1        0000
__Lbank2                   bank2        0000
__Lbank3                   bank3        0000
__LbssBANK0                bssBANK0     0000
__Lcinit                   cinit        07DB
__Lclrtext                 clrtext      0000
__Lcode                    code         0000
__Lcommon                  common       0000
__Lconfig                  config       2007
__LcstackBANK0             cstackBANK0  0000
__LcstackCOMMON            cstackCOMMON 0000
__LdataBANK0               dataBANK0    0000
__Leeprom_data             eeprom_data  0000
__Lend_init                end_init     0000
__Lfunctab                 functab      0000
__LidataBANK0              idataBANK0   0000
__Lidloc                   idloc        0000
__Linit                    init         0000
__Lintentry                intentry     0000
__Lmaintext                maintext     0000
__Lpowerup                 powerup      0000
__Lram                     ram          0000
__Lreset_vec               reset_vec    0000
__Lsfr0                    sfr0         0000
__Lsfr1                    sfr1         0000
__Lsfr2                    sfr2         0000
__Lsfr3                    sfr3         0000
__Lspace_0                 (abs)        0000
__Lspace_1                 (abs)        0000
__Lspace_2                 (abs)        0000
__Lspace_3                 (abs)        0000
__Lstack                   stack        0000
__Lstrings                 strings      0000
__Ltext                    text         0000
__S0                       (abs)        2009
__S1                       (abs)        007E
__S2                       (abs)        0000
__S3                       (abs)        0000
___int_sp                  stack        0000
___latbits                 (abs)        0002
___sp                      stack        0000
__end_of_AD_MCU_INIT       text17       04DC
__end_of_AD_SUB            text14       0634
__end_of_BUTTONMCUInit     text16       04BC
__end_of_ButtonDetect      text11       05F7
__end_of_InitScrn          text9        0507
__end_of_LCD_Busy          text5        0518
__end_of_LCD_MCU_init      text8        04F7
__end_of_LCD_Read_dat      text6        0542
__end_of_LCD_en_command    text10       06B4
__end_of_LCD_en_dat        text4        052B
__end_of_LCD_init          text7        0597
__end_of_LCD_set_xy        text3        055C
__end_of_LCD_write_string  text2        0672
__end_of_LED_MCU_INIT      text1        04CF
__end_of__initialization   cinit        07FC
__end_of__stringtab        strings      0009
__end_of_delay_ms          text13       05C0
__end_of_delay_us          text15       04E9
__end_of_isBUTTONOn        text12       0578
__end_of_main              maintext     07DB
__initialization           cinit        07DB
__pbssBANK0                bssBANK0     0020
__pcstackBANK0             cstackBANK0  0036
__pcstackCOMMON            cstackCOMMON 0070
__pdataBANK0               dataBANK0    0032
__pidataBANK0              idataBANK0   04B0
__pmaintext                maintext     06B4
__pstrings                 strings      0003
__ptext1                   text1        04C4
__ptext10                  text10       0672
__ptext11                  text11       05C0
__ptext12                  text12       055C
__ptext13                  text13       0597
__ptext14                  text14       05F7
__ptext15                  text15       04DC
__ptext16                  text16       04B4
__ptext17                  text17       04CF
__ptext2                   text2        0634
__ptext3                   text3        0542
__ptext4                   text4        0518
__ptext5                   text5        0507
__ptext6                   text6        052B
__ptext7                   text7        0578
__ptext8                   text8        04E9
__ptext9                   text9        04F7
__size_of_AD_MCU_INIT      (abs)        0000
__size_of_AD_SUB           (abs)        0000
__size_of_BUTTONMCUInit    (abs)        0000
__size_of_ButtonDetect     (abs)        0000
__size_of_InitScrn         (abs)        0000
__size_of_LCD_Busy         (abs)        0000
__size_of_LCD_MCU_init     (abs)        0000
__size_of_LCD_Read_dat     (abs)        0000
__size_of_LCD_en_command   (abs)        0000
__size_of_LCD_en_dat       (abs)        0000
__size_of_LCD_init         (abs)        0000
__size_of_LCD_set_xy       (abs)        0000
__size_of_LCD_write_string (abs)        0000
__size_of_LED_MCU_INIT     (abs)        0000
__size_of_delay_ms         (abs)        0000
__size_of_delay_us         (abs)        0000
__size_of_isBUTTONOn       (abs)        0000
__size_of_main             (abs)        0000
__stringbase               strings      0008
__stringtab                strings      0003
_delay_ms                  text13       0597
_delay_us                  text15       04DC
_flag_br_end               bssBANK0     002B
_flag_but_once             bssBANK0     002D
_flag_ph_end               bssBANK0     0029
_flag_ph_st                bssBANK0     002C
_isBUTTONOn                text12       055C
_isPhPositive              bssBANK0     002A
_main                      maintext     06B4
btemp                      (abs)        007E
clear_ram0                 clrtext      04BC
delay_ms@j                 cstackCOMMON 0073
delay_ms@k                 cstackCOMMON 0075
delay_ms@n                 cstackCOMMON 0070
delay_us@n                 cstackCOMMON 0070
end_of_initialization      cinit        07FC
intlevel0                  functab      0000
intlevel1                  functab      0000
intlevel2                  functab      0000
intlevel3                  functab      0000
intlevel4                  functab      0000
intlevel5                  functab      0000
reset_vec                  reset_vec    0000
stackhi                    (abs)        0000
stacklo                    (abs)        0000
start                      init         0000
start_initialization       cinit        07DB
wtemp0                     (abs)        007E


FUNCTION INFORMATION:

 *************** function _main *****************
 Defined at:
		line 72 in file "main.c"
 Parameters:    Size  Location     Type
		None
 Auto vars:     Size  Location     Type
		None
 Return value:  Size  Location     Type
                  1    wreg      void 
 Registers used:
		wreg, fsr0l, fsr0h, status,2, status,0, btemp+1, pclath, cstack
 Tracked objects:
		On entry : 
		On exit  : 
		Unchanged: 
 Data sizes:     COMMON   BANK0   BANK1   BANK3   BANK2
      Params:         0       0       0       0       0
      Locals:         0       0       0       0       0
      Temps:          0       2       0       0       0
      Totals:         0       2       0       0       0
Total ram usage:        2 bytes
 Hardware stack levels required when called:    4
 This function calls:
		_AD_MCU_INIT
		_AD_SUB
		_BUTTONMCUInit
		_ButtonDetect
		_InitScrn
		_LCD_MCU_init
		_LCD_init
		_LCD_write_string
		_LED_MCU_INIT
		_delay_ms
 This function is called by:
		Startup code after reset
 This function uses a non-reentrant model


 *************** function _LED_MCU_INIT *****************
 Defined at:
		line 61 in file "main.c"
 Parameters:    Size  Location     Type
		None
 Auto vars:     Size  Location     Type
		None
 Return value:  Size  Location     Type
                  1    wreg      void 
 Registers used:
		None
 Tracked objects:
		On entry : 
		On exit  : 
		Unchanged: 
 Data sizes:     COMMON   BANK0   BANK1   BANK3   BANK2
      Params:         0       0       0       0       0
      Locals:         0       0       0       0       0
      Temps:          0       0       0       0       0
      Totals:         0       0       0       0       0
Total ram usage:        0 bytes
 Hardware stack levels used:    1
 This function calls:
		Nothing
 This function is called by:
		_main
 This function uses a non-reentrant model


 *************** function _LCD_write_string *****************
 Defined at:
		line 87 in file "LCD.c"
 Parameters:    Size  Location     Type
  X               1    wreg     unsigned char 
  Y               1   11[COMMON] unsigned char 
  s               1   12[COMMON] PTR unsigned char 
		 -> STR_4(9), STR_3(4), STR_2(9), STR_1(4), 
 Auto vars:     Size  Location     Type
  X               1    0[BANK0 ] unsigned char 
 Return value:  Size  Location     Type
                  1    wreg      void 
 Registers used:
		wreg, fsr0l, fsr0h, status,2, status,0, pclath, cstack
 Tracked objects:
		On entry : 
		On exit  : 
		Unchanged: 
 Data sizes:     COMMON   BANK0   BANK1   BANK3   BANK2
      Params:         2       0       0       0       0
      Locals:         0       1       0       0       0
      Temps:          1       0       0       0       0
      Totals:         3       1       0       0       0
Total ram usage:        4 bytes
 Hardware stack levels used:    1
 Hardware stack levels required when called:    3
 This function calls:
		_LCD_Busy
		_LCD_en_dat
		_LCD_set_xy
 This function is called by:
		_main
 This function uses a non-reentrant model


 *************** function _LCD_set_xy *****************
 Defined at:
		line 67 in file "LCD.c"
 Parameters:    Size  Location     Type
  x               1    wreg     unsigned char 
  y               1    7[COMMON] unsigned char 
 Auto vars:     Size  Location     Type
  x               1   10[COMMON] unsigned char 
  address         1    9[COMMON] unsigned char 
 Return value:  Size  Location     Type
                  1    wreg      void 
 Registers used:
		wreg, status,2, status,0, pclath, cstack
 Tracked objects:
		On entry : 
		On exit  : 
		Unchanged: 
 Data sizes:     COMMON   BANK0   BANK1   BANK3   BANK2
      Params:         1       0       0       0       0
      Locals:         2       0       0       0       0
      Temps:          1       0       0       0       0
      Totals:         4       0       0       0       0
Total ram usage:        4 bytes
 Hardware stack levels used:    1
 Hardware stack levels required when called:    2
 This function calls:
		_LCD_en_command
 This function is called by:
		_LCD_write_string
 This function uses a non-reentrant model


 *************** function _LCD_en_dat *****************
 Defined at:
		line 37 in file "LCD.c"
 Parameters:    Size  Location     Type
  dat             1    wreg     unsigned char 
 Auto vars:     Size  Location     Type
  dat             1    1[COMMON] unsigned char 
 Return value:  Size  Location     Type
                  1    wreg      void 
 Registers used:
		wreg, status,2, status,0, pclath, cstack
 Tracked objects:
		On entry : 
		On exit  : 
		Unchanged: 
 Data sizes:     COMMON   BANK0   BANK1   BANK3   BANK2
      Params:         0       0       0       0       0
      Locals:         1       0       0       0       0
      Temps:          0       0       0       0       0
      Totals:         1       0       0       0       0
Total ram usage:        1 bytes
 Hardware stack levels used:    1
 Hardware stack levels required when called:    1
 This function calls:
		_delay_us
 This function is called by:
		_LCD_write_string
 This function uses a non-reentrant model


 *************** function _LCD_Busy *****************
 Defined at:
		line 120 in file "LCD.c"
 Parameters:    Size  Location     Type
		None
 Auto vars:     Size  Location     Type
  busyFlag        1    3[COMMON] unsigned char 
 Return value:  Size  Location     Type
                  1    wreg      void 
 Registers used:
		wreg, status,2, pclath, cstack
 Tracked objects:
		On entry : 
		On exit  : 
		Unchanged: 
 Data sizes:     COMMON   BANK0   BANK1   BANK3   BANK2
      Params:         0       0       0       0       0
      Locals:         1       0       0       0       0
      Temps:          1       0       0       0       0
      Totals:         2       0       0       0       0
Total ram usage:        2 bytes
 Hardware stack levels used:    1
 Hardware stack levels required when called:    1
 This function calls:
		_LCD_Read_dat
 This function is called by:
		_LCD_write_string
 This function uses a non-reentrant model


 *************** function _LCD_Read_dat *****************
 Defined at:
		line 49 in file "LCD.c"
 Parameters:    Size  Location     Type
		None
 Auto vars:     Size  Location     Type
  dat             1    1[COMMON] unsigned char 
 Return value:  Size  Location     Type
                  1    wreg      unsigned char 
 Registers used:
		wreg, status,2
 Tracked objects:
		On entry : 
		On exit  : 
		Unchanged: 
 Data sizes:     COMMON   BANK0   BANK1   BANK3   BANK2
      Params:         0       0       0       0       0
      Locals:         1       0       0       0       0
      Temps:          1       0       0       0       0
      Totals:         2       0       0       0       0
Total ram usage:        2 bytes
 Hardware stack levels used:    1
 This function calls:
		Nothing
 This function is called by:
		_LCD_Busy
 This function uses a non-reentrant model


 *************** function _LCD_init *****************
 Defined at:
		line 27 in file "LCD.c"
 Parameters:    Size  Location     Type
		None
 Auto vars:     Size  Location     Type
		None
 Return value:  Size  Location     Type
                  1    wreg      void 
 Registers used:
		wreg, status,2, status,0, pclath, cstack
 Tracked objects:
		On entry : 
		On exit  : 
		Unchanged: 
 Data sizes:     COMMON   BANK0   BANK1   BANK3   BANK2
      Params:         0       0       0       0       0
      Locals:         0       0       0       0       0
      Temps:          0       0       0       0       0
      Totals:         0       0       0       0       0
Total ram usage:        0 bytes
 Hardware stack levels used:    1
 Hardware stack levels required when called:    2
 This function calls:
		_LCD_en_command
 This function is called by:
		_main
 This function uses a non-reentrant model


 *************** function _LCD_MCU_init *****************
 Defined at:
		line 102 in file "LCD.c"
 Parameters:    Size  Location     Type
		None
 Auto vars:     Size  Location     Type
		None
 Return value:  Size  Location     Type
                  1    wreg      void 
 Registers used:
		wreg, status,2, status,0
 Tracked objects:
		On entry : 
		On exit  : 
		Unchanged: 
 Data sizes:     COMMON   BANK0   BANK1   BANK3   BANK2
      Params:         0       0       0       0       0
      Locals:         0       0       0       0       0
      Temps:          1       0       0       0       0
      Totals:         1       0       0       0       0
Total ram usage:        1 bytes
 Hardware stack levels used:    1
 This function calls:
		Nothing
 This function is called by:
		_main
 This function uses a non-reentrant model


 *************** function _InitScrn *****************
 Defined at:
		line 112 in file "LCD.c"
 Parameters:    Size  Location     Type
		None
 Auto vars:     Size  Location     Type
		None
 Return value:  Size  Location     Type
                  1    wreg      void 
 Registers used:
		wreg, status,2, status,0, pclath, cstack
 Tracked objects:
		On entry : 
		On exit  : 
		Unchanged: 
 Data sizes:     COMMON   BANK0   BANK1   BANK3   BANK2
      Params:         0       0       0       0       0
      Locals:         0       0       0       0       0
      Temps:          0       0       0       0       0
      Totals:         0       0       0       0       0
Total ram usage:        0 bytes
 Hardware stack levels used:    1
 Hardware stack levels required when called:    2
 This function calls:
		_LCD_en_command
		_delay_ms
 This function is called by:
		_main
 This function uses a non-reentrant model


 *************** function _LCD_en_command *****************
 Defined at:
		line 6 in file "LCD.c"
 Parameters:    Size  Location     Type
  command         1    wreg     unsigned char 
 Auto vars:     Size  Location     Type
  command         1    6[COMMON] unsigned char 
 Return value:  Size  Location     Type
                  1    wreg      void 
 Registers used:
		wreg, status,2, status,0, pclath, cstack
 Tracked objects:
		On entry : 
		On exit  : 
		Unchanged: 
 Data sizes:     COMMON   BANK0   BANK1   BANK3   BANK2
      Params:         0       0       0       0       0
      Locals:         1       0       0       0       0
      Temps:          0       0       0       0       0
      Totals:         1       0       0       0       0
Total ram usage:        1 bytes
 Hardware stack levels used:    1
 Hardware stack levels required when called:    1
 This function calls:
		_delay_ms
		_delay_us
 This function is called by:
		_LCD_init
		_LCD_set_xy
		_InitScrn
 This function uses a non-reentrant model


 *************** function _ButtonDetect *****************
 Defined at:
		line 23 in file "BUTTON.c"
 Parameters:    Size  Location     Type
		None
 Auto vars:     Size  Location     Type
		None
 Return value:  Size  Location     Type
                  1    wreg      void 
 Registers used:
		wreg, status,2, status,0, btemp+1, pclath, cstack
 Tracked objects:
		On entry : 
		On exit  : 
		Unchanged: 
 Data sizes:     COMMON   BANK0   BANK1   BANK3   BANK2
      Params:         0       0       0       0       0
      Locals:         0       0       0       0       0
      Temps:          0       0       0       0       0
      Totals:         0       0       0       0       0
Total ram usage:        0 bytes
 Hardware stack levels used:    1
 Hardware stack levels required when called:    2
 This function calls:
		_AD_SUB
		_isBUTTONOn
 This function is called by:
		_main
 This function uses a non-reentrant model


 *************** function _isBUTTONOn *****************
 Defined at:
		line 11 in file "BUTTON.c"
 Parameters:    Size  Location     Type
		None
 Auto vars:     Size  Location     Type
		None
 Return value:  Size  Location     Type
                  1    wreg      unsigned char 
 Registers used:
		wreg, status,2, status,0, pclath, cstack
 Tracked objects:
		On entry : 
		On exit  : 
		Unchanged: 
 Data sizes:     COMMON   BANK0   BANK1   BANK3   BANK2
      Params:         0       0       0       0       0
      Locals:         0       0       0       0       0
      Temps:          0       0       0       0       0
      Totals:         0       0       0       0       0
Total ram usage:        0 bytes
 Hardware stack levels used:    1
 Hardware stack levels required when called:    1
 This function calls:
		_delay_ms
 This function is called by:
		_ButtonDetect
 This function uses a non-reentrant model


 *************** function _delay_ms *****************
 Defined at:
		line 3 in file "DELAY.c"
 Parameters:    Size  Location     Type
  n               2    0[COMMON] unsigned int 
 Auto vars:     Size  Location     Type
  j               2    3[COMMON] unsigned int 
  k               1    5[COMMON] unsigned char 
 Return value:  Size  Location     Type
                  1    wreg      void 
 Registers used:
		wreg, status,2, status,0
 Tracked objects:
		On entry : 
		On exit  : 
		Unchanged: 
 Data sizes:     COMMON   BANK0   BANK1   BANK3   BANK2
      Params:         2       0       0       0       0
      Locals:         3       0       0       0       0
      Temps:          1       0       0       0       0
      Totals:         6       0       0       0       0
Total ram usage:        6 bytes
 Hardware stack levels used:    1
 This function calls:
		Nothing
 This function is called by:
		_main
		_LCD_en_command
		_InitScrn
		_isBUTTONOn
 This function uses a non-reentrant model


 *************** function _AD_SUB *****************
 Defined at:
		line 33 in file "AD.c"
 Parameters:    Size  Location     Type
  k               1    wreg     unsigned char 
 Auto vars:     Size  Location     Type
  k               1    5[COMMON] unsigned char 
  i               1    0        unsigned char 
 Return value:  Size  Location     Type
                  1    wreg      void 
 Registers used:
		wreg, status,2, status,0, btemp+1, pclath, cstack
 Tracked objects:
		On entry : 
		On exit  : 
		Unchanged: 
 Data sizes:     COMMON   BANK0   BANK1   BANK3   BANK2
      Params:         0       0       0       0       0
      Locals:         1       0       0       0       0
      Temps:          4       0       0       0       0
      Totals:         5       0       0       0       0
Total ram usage:        5 bytes
 Hardware stack levels used:    1
 Hardware stack levels required when called:    1
 This function calls:
		_delay_us
 This function is called by:
		_main
		_ButtonDetect
 This function uses a non-reentrant model


 *************** function _delay_us *****************
 Defined at:
		line 13 in file "DELAY.c"
 Parameters:    Size  Location     Type
  n               1    wreg     unsigned char 
 Auto vars:     Size  Location     Type
  n               1    0[COMMON] unsigned char 
 Return value:  Size  Location     Type
                  1    wreg      void 
 Registers used:
		wreg, status,2, status,0
 Tracked objects:
		On entry : 
		On exit  : 
		Unchanged: 
 Data sizes:     COMMON   BANK0   BANK1   BANK3   BANK2
      Params:         0       0       0       0       0
      Locals:         1       0       0       0       0
      Temps:          0       0       0       0       0
      Totals:         1       0       0       0       0
Total ram usage:        1 bytes
 Hardware stack levels used:    1
 This function calls:
		Nothing
 This function is called by:
		_LCD_en_command
		_LCD_en_dat
		_AD_SUB
 This function uses a non-reentrant model


 *************** function _BUTTONMCUInit *****************
 Defined at:
		line 6 in file "BUTTON.c"
 Parameters:    Size  Location     Type
		None
 Auto vars:     Size  Location     Type
		None
 Return value:  Size  Location     Type
                  1    wreg      void 
 Registers used:
		wreg, status,2, status,0
 Tracked objects:
		On entry : 
		On exit  : 
		Unchanged: 
 Data sizes:     COMMON   BANK0   BANK1   BANK3   BANK2
      Params:         0       0       0       0       0
      Locals:         0       0       0       0       0
      Temps:          1       0       0       0       0
      Totals:         1       0       0       0       0
Total ram usage:        1 bytes
 Hardware stack levels used:    1
 This function calls:
		Nothing
 This function is called by:
		_main
 This function uses a non-reentrant model


 *************** function _AD_MCU_INIT *****************
 Defined at:
		line 48 in file "AD.c"
 Parameters:    Size  Location     Type
		None
 Auto vars:     Size  Location     Type
		None
 Return value:  Size  Location     Type
                  1    wreg      void 
 Registers used:
		wreg
 Tracked objects:
		On entry : 
		On exit  : 
		Unchanged: 
 Data sizes:     COMMON   BANK0   BANK1   BANK3   BANK2
      Params:         0       0       0       0       0
      Locals:         0       0       0       0       0
      Temps:          0       0       0       0       0
      Totals:         0       0       0       0       0
Total ram usage:        0 bytes
 Hardware stack levels used:    1
 This function calls:
		Nothing
 This function is called by:
		_main
 This function uses a non-reentrant model



MODULE INFORMATION

Module		Function		Class		Link	Load	Size
BUTTON.c
		_ButtonDetect  		CODE           	05C0	0000	56
		_isBUTTONOn    		CODE           	055C	0000	29
		_BUTTONMCUInit 		CODE           	04B4	0000	9

BUTTON.c estimated size: 94

AD.c
		_AD_MCU_INIT   		CODE           	04CF	0000	14
		_AD_SUB        		CODE           	05F7	0000	62

AD.c estimated size: 76

shared
		__stringtab    		STRING         	0003	0000	7
		__initialization		CODE           	07DB	0000	34

shared estimated size: 41

DELAY.c
		_delay_us      		CODE           	04DC	0000	14
		_delay_ms      		CODE           	0597	0000	42

DELAY.c estimated size: 56

main.c
		_LED_MCU_INIT  		CODE           	04C4	0000	12
		_main          		CODE           	06B4	0000	296

main.c estimated size: 308

LCD.c
		_LCD_en_dat    		CODE           	0518	0000	20
		_LCD_Read_dat  		CODE           	052B	0000	24
		_LCD_Busy      		CODE           	0507	0000	18
		_LCD_MCU_init  		CODE           	04E9	0000	15
		_LCD_en_command		CODE           	0672	0000	67
		_InitScrn      		CODE           	04F7	0000	17
		_LCD_write_string		CODE           	0634	0000	63
		_LCD_init      		CODE           	0578	0000	32
		_LCD_set_xy    		CODE           	0542	0000	27

LCD.c estimated size: 283

